n/Pataskala_Elementary_School.jpg
n/learning_how_the_war_production_program_means_school_to_these_boys_class_work_1024.jpg
n/pexels_photo_1130338.jpeg
n/placing_sod_on_radford_high_schools_football_field__feb_17_27769405551_900x600.jpg
n/pexels_photo_1420378.jpeg
n/placing_sod_on_radford_high_schools_football_field__feb_17_27233212884_900x600.jpg
n/playmobil_western_school_education_307a18_1024.jpg
n/school.jpg
n/pexels_photo_356085.jpeg
n/placing_sod_on_radford_high_schools_football_field__feb_17_27811008166_900x600.jpg
n/pKCyahNMOU30iuVG9zKcAhbfOBkJcJkJ.jpg
n/Red_rose_bouquet.JPG
n/Rose_Osaka.JPG
n/Rose_Westerland.JPG
n/rose_1593197_1280.jpg
n/pexels_photo_415334.jpeg
n/rose_miniature_roses_pink_flower_71be4f_1024.jpg
n/RoSE.jpg
n/rose_flower_red_leaves_flowering_plant_garden_roses_petal_water_plant_leaf_green_floribunda_rose_fam.jpg
n/red_2463744_960_720.jpg
n/Nature_Beautiful_Flowers_Rose_Plants_Rose_Garden_4213105.jpg
n/Plant_Nature_Romantic_Rose_Flower_Bloom_Blossom_4290237.jpg
n/rose_pink_flower_nature_landscapes_31e611_1024.jpg
n/pexels_photo_1453801.jpeg
n/roes_snow_17992.jpg
n/nature_a_rose_flowers_nature_landscapes_532055_1024.jpg
n/pink_rose_background.jpg
n/pexels_photo_1252812.jpeg
n/rose_2801858_960_720.jpg
n/rose_flower_blossom_nature_romantic_pink_plant_petals_beauty_flowering_plant_garden_roses_Julia_chil.jpg
n/Red_Roses_Flower_Rose_Roses_Blossom_Back_Light_4232.jpg
n/rose_1868654_1280.jpg
n/rose_strauss_flowers_nature_landscapes_59427e_1024.jpg
n/roses_background_1518975289Mm2.jpg
n/rose_2888885_960_720.jpg
n/pexels_photo_360179.jpeg
n/Love_Red_Romantic_Romance_Rose_Flower_Rose_2020364.jpg
n/nature_flower_flowering_plant_Julia_child_rose_petal_yellow_floribunda_rose_family_plant_rose_rose_o.jpg
n/rose_bud_799028_1280.jpg
n/rose_roses_flowers_9bcdda_1024.jpg
n/Rose_Ann_Schonlau_325px.jpg
n/red_rose_roses_garden_flower_romance_autumn_background_beautiful_valentine_bloom_bush_nature_beauty_.jpg
n/pexels_photo_593655.jpeg
n/rose_3407234_960_720.jpg
n/rose_flower_pink_rose_3e9d8d_1024.jpg
n/rose_4206639_960_720.jpg
n/Red_rose_with_black_background.jpg
n/pexels_photo_1003914.jpeg
n/rose_PNG637.png
n/Love_Natural_Rose_Red_Flower_Red_Roses_Red_Rose_2699351.jpg
n/Rose_Super_Star.jpg
n/rose_2819148_1280.jpg
n/rose_4047272_960_720.jpg
n/rose_flower_flowers_roses_isolated_fire_1236.jpg
n/rose_PNG638.png
n/Sarah_van_Fleet_rose.jpg
n/rose_pink_pink_rose_nature_landscapes_87ba3f_1024.jpg
n/salt_spray_rose_websmall.jpg
n/overlay.jpg
n/rose_rose_1892616_1280.jpg
n/Rose_Flower_Red_Rose_Love_Plant_Nature_Macro_2591774.jpg
n/romantic_red_rose.jpg
n/rose_4002972_960_720.jpg
n/rose_by_stevenkrs_d2voq69.jpg
n/rose_flower_flowers_roses_isolated_17043.jpg
n/rose_PNG639.png
n/pexels_photo_794644.jpeg
n/rose_flowers_pink_nature_landscapes_9403cb_1024.jpg
n/rose_garden2012_hi_res.JPG
n/pink_2977815_960_720.png
n/rosa_centifolia_rose_a_cent_feuilles_pale_rose_hundred_leaved_or_cabbage_rose_064a91_640.jpg
n/red_rose_2763021_1280.jpg
n/rose_flower_white_center_red_petals_sides_double_colored_transparent_background_wild_garden_beauty_2.png
n/pexels_photo_658687.jpeg
n/rose_PNG649.png
n/rose_4005863_960_720.png
n/rose_flower_pink_rose_nature_landscapes_b76734_1024.jpg
n/old_fashioned_pink_rose.jpg
n/plant_white_flower_petal_love_rose_red_romance_romantic_pink_close_red_rose_close_up_beauty_floristr.jpg
n/rose_red_blossom_bloom_53141.jpeg
n/pink_rose_close_up_border.jpg
n/rose_PNG647.png
n/rose_flower_flowers_roses_beautiful_17040.jpg
n/rose_flower_flowers_roses_isolated_heart_17029.jpg
n/red_rose.jpg
n/rose_pink_flower_nature_landscapes_8b0184_1024.jpg
n/rose_red_on_white_background.jpg
n/Red_Rose_Red_Green_Garden_Greens_Rose_Roses_3548565.jpg
n/rose_2885586_960_720.jpg
n/rose_red_garden_flower_garden_roses_flowering_plant_Julia_child_rose_petal_floribunda_plant_rose_fam.jpg
n/Love_Rose_Flowers_Flower_Roses_Woman_Girl_Women_3090834.jpg
n/plant_flower_petal_love_bouquet_rose_red_romance_romantic_pink_wedding_thank_you_wedding_day_flowers.jpg
n/rose_red_tea_rose_regatta_39899.jpeg
n/rose_white_flower_nature_landscapes_350da1_1024.jpg
n/rose_1642970_960_720.jpg
n/rose_PNG66818.png
n/pexels_photo_1820567.jpeg
n/rose_2892821_960_720.jpg
n/smile.jpg
n/eye.png